---
source: src/core/jit/builder.rs
expression: plan.into_nested()
---
[
    Field {
        id: 0,
        name: "posts",
        ir: "Some(..)",
        type_of: [Post],
        extensions: Some(
            Nested {
                fields: [
                    Field {
                        id: 1,
                        name: "user",
                        ir: "Some(..)",
                        type_of: User,
                        extensions: Some(
                            Nested {
                                fields: [
                                    Field {
                                        id: 2,
                                        name: "id",
                                        type_of: ID!,
                                        is_scalar: true,
                                    },
                                    Field {
                                        id: 3,
                                        name: "name",
                                        type_of: String!,
                                        is_scalar: true,
                                    },
                                ],
                                by_type: {},
                            },
                        ),
                        is_scalar: false,
                    },
                ],
                by_type: {},
            },
        ),
        is_scalar: false,
    },
]
