---
source: tests/core/spec.rs
expression: merged
---
schema @link(src: "link-expr.graphql", type: Config) @link(src: "link-enum.graphql", type: Config) {
  query: Query
}
