---
source: tests/core/spec.rs
expression: merged
---
schema @link(src: "graphql-with-link.graphql", type: Config) {
  query: Query
}
