---
source: tests/core/spec.rs
expression: merged
---
schema {
  query: Query
}

type Query {
  hello: String @expr(body: "Hello from server")
}
