---
source: tests/core/spec.rs
expression: merged
---
schema @upstream(baseURL: "http://jsonplacheholder.typicode.com") {
  query: Query
}

type Query {
  """
  This is test
  """
  foo: String @http(path: "/foo")
}
