---
source: src/config/from_proto.rs
expression: cfg
---
schema @server @upstream {
}

type PersonRequiredFields {
  email: String
  id: Int!
  name: String!
  phone: [PhoneNumberRequiredFields]
}

type PhoneNumberRequiredFields {
  number: String!
  type: String
}
