---
source: tests/execution_spec.rs
expression: errors
---
[
  {
    "message": "missing key: id",
    "trace": [
      "News"
    ],
    "description": null
  }
]
