---
source: tests/execution_spec.rs
expression: errors
---
[
  {
    "message": "Couldn't find method X",
    "trace": [],
    "description": null
  }
]
