---
source: tests/execution_spec.rs
expression: errors
---
[
  {
    "message": "Multiple resolvers detected [@http, @const]",
    "trace": [
      "User"
    ],
    "description": null
  },
  {
    "message": "Multiple resolvers detected [@http, @call]",
    "trace": [
      "User"
    ],
    "description": null
  }
]
