---
source: tests/execution_spec.rs
expression: errors
---
[
  {
    "message": "value 'nonNullableNestedUser' is not of a scalar type",
    "trace": [
      "path"
    ],
    "description": null
  },
  {
    "message": "value 'id' is a nullable type",
    "trace": [
      "path"
    ],
    "description": null
  },
  {
    "message": "no value 'nonNullableUser.nonNullableNestedUser.userId' found",
    "trace": [
      "path"
    ],
    "description": null
  },
  {
    "message": "value 'nestedUser' is a nullable type",
    "trace": [
      "path"
    ],
    "description": null
  },
  {
    "message": "no argument 'id' found",
    "trace": [
      "path"
    ],
    "description": null
  },
  {
    "message": "unknown template directive 'Vale'",
    "trace": [
      "path"
    ],
    "description": null
  },
  {
    "message": "value 'nonNullableUser' is not of a scalar type",
    "trace": [
      "path"
    ],
    "description": null
  },
  {
    "message": "value 'userId' is a nullable type",
    "trace": [
      "path"
    ],
    "description": null
  },
  {
    "message": "value 'user' is a nullable type",
    "trace": [
      "path"
    ],
    "description": null
  },
  {
    "message": "no value 'userid' found",
    "trace": [
      "path"
    ],
    "description": null
  },
  {
    "message": "no value 'userid' found",
    "trace": [
      "query"
    ],
    "description": null
  },
  {
    "message": "var 'garbage' is not set in the server config",
    "trace": [
      "path"
    ],
    "description": null
  },
  {
    "message": "can't use list type 'id' here",
    "trace": [
      "path"
    ],
    "description": null
  },
  {
    "message": "argument 'id' is a nullable type",
    "trace": [
      "path"
    ],
    "description": null
  },
  {
    "message": "no argument 'uid' found",
    "trace": [
      "path"
    ],
    "description": null
  }
]
