---
source: tests/execution_spec.rs
expression: errors
---
[
  {
    "message": "no argument 'id' found",
    "trace": [
      "body"
    ],
    "description": null
  },
  {
    "message": "no argument 'id' found",
    "trace": [
      "headers"
    ],
    "description": null
  },
  {
    "message": "no argument 'url' found",
    "trace": [
      "path"
    ],
    "description": null
  },
  {
    "message": "no argument 'id' found",
    "trace": [
      "args"
    ],
    "description": null
  },
  {
    "message": "no argument 'id' found",
    "trace": [
      "headers"
    ],
    "description": null
  },
  {
    "message": "no argument 'id' found",
    "trace": [
      "path"
    ],
    "description": null
  }
]
