---
source: tests/execution_spec.rs
expression: errors
---
[
  {
    "message": "no argument 'input' found",
    "trace": [
      "path"
    ],
    "description": null
  },
  {
    "message": "Field is already implemented from interface",
    "trace": [],
    "description": null
  },
  {
    "message": "Field is already implemented from interface",
    "trace": [],
    "description": null
  }
]
