---
source: tests/execution_spec.rs
expression: errors
---
[
  {
    "message": "expected type to be required",
    "trace": [
      "news"
    ],
    "description": null
  }
]
