---
source: tests/execution_spec.rs
expression: errors
---
[
  {
    "message": "Validation Error\nâ€¢ No such file or directory (os error 2)\n",
    "trace": [],
    "description": null
  }
]
