---
source: tests/execution_spec.rs
expression: errors
---
[
  {
    "message": "expected field to be non-nullable",
    "trace": [
      "age"
    ],
    "description": null
  }
]
