---
source: tests/execution_spec.rs
expression: errors
---
[
  {
    "message": "Undeclared type 'User' was found",
    "trace": [],
    "description": null
  },
  {
    "message": "No base URL defined",
    "trace": [],
    "description": null
  }
]
