---
source: tests/execution_spec.rs
expression: errors
---
[
  {
    "message": "No base URL defined",
    "trace": [],
    "description": null
  }
]
