---
source: tests/execution_spec.rs
expression: response
---
{
  "status": 200,
  "headers": {
    "content-type": "application/json",
    "cache-control": "max-age=3600, private"
  },
  "body": {
    "data": {
      "u1": {
        "id": 1
      },
      "u3": {
        "id": 3
      }
    }
  }
}
