---
source: tests/execution_spec.rs
expression: errors
---
[
  {
    "message": "no type 'user.nested.inner.id.test' found",
    "trace": [
      "query"
    ],
    "description": null
  },
  {
    "message": "no value 'user.nested.inner.test' found",
    "trace": [
      "query"
    ],
    "description": null
  },
  {
    "message": "no value 'user.nested.test' found",
    "trace": [
      "query"
    ],
    "description": null
  },
  {
    "message": "no value 'test' found",
    "trace": [
      "query"
    ],
    "description": null
  }
]
