---
source: tests/execution_spec.rs
expression: errors
---
[
  {
    "message": "Cannot add field",
    "trace": [
      "street"
    ],
    "description": "Path [user, address, street] does not exist"
  }
]
