---
source: tests/execution_spec.rs
expression: errors
---
[
  {
    "message": "GroupBy can only be applied if batching is enabled",
    "trace": [],
    "description": null
  }
]
