---
source: src/generator/from_proto.rs
expression: result
---
schema @server @upstream {
  query: Query
  mutation: Mutation
}

input Author_news {
  email: String
  name: String
}

input HelloRequest_greetings {
  name: String
}

input HelloRequest_greetings_dup {
  name: String
}

input MultipleNewsId_news {
  ids: [NewsId_news]
}

input NewsId_news {
  id: Int
}

input News_news {
  author: Author_news
  body: String
  foo: Status_news
  id: Int
  postImage: String
  title: String
}

enum Status_news {
  DRAFT
  PUBLISHED
}

type HelloReply_greetings {
  message: String
}

type HelloReply_greetings_dup {
  message: String
}

type Mutation {
  addNews_news(news: News_news!): News_news! @grpc(method: "news.NewsService.AddNews")
  deleteNews_news(newsId: NewsId_news!): String @grpc(method: "news.NewsService.DeleteNews")
  editNews_news(news: News_news!): News_news! @grpc(method: "news.NewsService.EditNews")
  sayHello_greetings(helloRequest: HelloRequest_greetings!): HelloReply_greetings! @grpc(method: "greetings.Greeter.SayHello")
  sayHello_greetings_dup(helloRequest: HelloRequest_greetings_dup!): HelloReply_greetings_dup! @grpc(method: "greetings_dup.Greeter.SayHello")
}

type NewsList_news {
  news: [News_news]
}

type Query {
  getAllNews_news: NewsList_news! @grpc(method: "news.NewsService.GetAllNews")
  getMultipleNews_news(multipleNewsId: MultipleNewsId_news!): NewsList_news! @grpc(method: "news.NewsService.GetMultipleNews")
  getNews_news(newsId: NewsId_news!): News_news! @grpc(method: "news.NewsService.GetNews")
}
